Archive member included because of file (symbol)

c:/winavr-20100110/bin/../lib/gcc/avr/4.3.3/avr5\libgcc.a(_mulsi3.o)
                              ./FIRMWARE_SERVICE/TMU/TMU.o (__mulsi3)
c:/winavr-20100110/bin/../lib/gcc/avr/4.3.3/avr5\libgcc.a(_udivmodsi4.o)
                              ./FIRMWARE_SERVICE/TMU/TMU.o (__udivmodsi4)
c:/winavr-20100110/bin/../lib/gcc/avr/4.3.3/avr5\libgcc.a(_exit.o)
                              c:/winavr-20100110/bin/../lib/gcc/avr/4.3.3/../../../../avr/lib/avr5/crtm32.o (exit)
c:/winavr-20100110/bin/../lib/gcc/avr/4.3.3/avr5\libgcc.a(_copy_data.o)
                              ./FIRMWARE_SERVICE/TMU/TMU.o (__do_copy_data)
c:/winavr-20100110/bin/../lib/gcc/avr/4.3.3/avr5\libgcc.a(_clear_bss.o)
                              ./MCAL/TIMER/TIMER.o (__do_clear_bss)

Memory Configuration

Name             Origin             Length             Attributes
text             0x00000000         0x00020000         xr
MOHAMED          0x00800000         0x00000060         rw !x
data             0x00800060         0x0000ffa0         rw !x
eeprom           0x00810000         0x00010000         rw !x
fuse             0x00820000         0x00000400         rw !x
lock             0x00830000         0x00000400         rw !x
signature        0x00840000         0x00000400         rw !x
*default*        0x00000000         0xffffffff

Linker script and memory map

LOAD c:/winavr-20100110/bin/../lib/gcc/avr/4.3.3/../../../../avr/lib/avr5/crtm32.o
LOAD ./MCAL/TIMER/TIMER.o
LOAD ./MCAL/MCU_POWER/MCU_Power.o
LOAD ./MCAL/G_INTERRUPT/Interrupt.o
LOAD ./MCAL/EXT_INTERRUPT/EXT_INTE.o
LOAD ./MCAL/DIO/DIO_prog.o
LOAD ./FIRMWARE_SERVICE/TMU/TMU.o
LOAD ./FIRMWARE_SERVICE/TMU/TMU_PbCfg.o
LOAD ./FIRMWARE_SERVICE/SOS/SOS.o
LOAD ./FIRMWARE_SERVICE/SOS/SOS_PbCfg.o
LOAD ./FIRMWARE_SERVICE/PWM/PWM.o
LOAD ./FIRMWARE_SERVICE/PWM/PWM_PbCfg.o
LOAD ./ECUAL/LEDs/Leds.o
LOAD ./APP/TMU_APP/TMU_App.o
LOAD ./APP/SOS_APP/SOS_App.o
LOAD ./APP/PWM_APP/PWM_App.o
LOAD ./Main.o
LOAD c:/winavr-20100110/bin/../lib/gcc/avr/4.3.3/avr5\libgcc.a
LOAD c:/winavr-20100110/bin/../lib/gcc/avr/4.3.3/../../../../avr/lib/avr5\libc.a
LOAD c:/winavr-20100110/bin/../lib/gcc/avr/4.3.3/avr5\libgcc.a

.hash
 *(.hash)

.dynsym
 *(.dynsym)

.dynstr
 *(.dynstr)

.gnu.version
 *(.gnu.version)

.gnu.version_d
 *(.gnu.version_d)

.gnu.version_r
 *(.gnu.version_r)

.rel.init
 *(.rel.init)

.rela.init
 *(.rela.init)

.rel.text
 *(.rel.text)
 *(.rel.text.*)
 *(.rel.gnu.linkonce.t*)

.rela.text
 *(.rela.text)
 *(.rela.text.*)
 *(.rela.gnu.linkonce.t*)

.rel.fini
 *(.rel.fini)

.rela.fini
 *(.rela.fini)

.rel.rodata
 *(.rel.rodata)
 *(.rel.rodata.*)
 *(.rel.gnu.linkonce.r*)

.rela.rodata
 *(.rela.rodata)
 *(.rela.rodata.*)
 *(.rela.gnu.linkonce.r*)

.rel.data
 *(.rel.data)
 *(.rel.data.*)
 *(.rel.gnu.linkonce.d*)

.rela.data
 *(.rela.data)
 *(.rela.data.*)
 *(.rela.gnu.linkonce.d*)

.rel.ctors
 *(.rel.ctors)

.rela.ctors
 *(.rela.ctors)

.rel.dtors
 *(.rel.dtors)

.rela.dtors
 *(.rela.dtors)

.rel.got
 *(.rel.got)

.rela.got
 *(.rela.got)

.rel.bss
 *(.rel.bss)

.rela.bss
 *(.rela.bss)

.rel.plt
 *(.rel.plt)

.rela.plt
 *(.rela.plt)

.text           0x00000000     0x37d4
 *(.vectors)
 .vectors       0x00000000       0x54 c:/winavr-20100110/bin/../lib/gcc/avr/4.3.3/../../../../avr/lib/avr5/crtm32.o
                0x00000000                __vectors
                0x00000000                __vector_default
 *(.vectors)
 *(.progmem.gcc*)
 *(.progmem*)
                0x00000054                . = ALIGN (0x2)
                0x00000054                __trampolines_start = .
 *(.trampolines)
 .trampolines   0x00000054        0x0 linker stubs
 *(.trampolines*)
                0x00000054                __trampolines_end = .
 *(.jumptables)
 *(.jumptables*)
 *(.lowtext)
 *(.lowtext*)
                0x00000054                __ctors_start = .
 *(.ctors)
                0x00000054                __ctors_end = .
                0x00000054                __dtors_start = .
 *(.dtors)
                0x00000054                __dtors_end = .
 SORT(*)(.ctors)
 SORT(*)(.dtors)
 *(.init0)
 .init0         0x00000054        0x0 c:/winavr-20100110/bin/../lib/gcc/avr/4.3.3/../../../../avr/lib/avr5/crtm32.o
                0x00000054                __init
 *(.init0)
 *(.init1)
 *(.init1)
 *(.init2)
 .init2         0x00000054        0xc c:/winavr-20100110/bin/../lib/gcc/avr/4.3.3/../../../../avr/lib/avr5/crtm32.o
 *(.init2)
 *(.init3)
 *(.init3)
 *(.init4)
 .init4         0x00000060       0x16 c:/winavr-20100110/bin/../lib/gcc/avr/4.3.3/avr5\libgcc.a(_copy_data.o)
                0x00000060                __do_copy_data
 .init4         0x00000076       0x10 c:/winavr-20100110/bin/../lib/gcc/avr/4.3.3/avr5\libgcc.a(_clear_bss.o)
                0x00000076                __do_clear_bss
 *(.init4)
 *(.init5)
 *(.init5)
 *(.init6)
 *(.init6)
 *(.init7)
 *(.init7)
 *(.init8)
 *(.init8)
 *(.init9)
 .init9         0x00000086        0x8 c:/winavr-20100110/bin/../lib/gcc/avr/4.3.3/../../../../avr/lib/avr5/crtm32.o
 *(.init9)
 *(.text)
 .text          0x0000008e        0x4 c:/winavr-20100110/bin/../lib/gcc/avr/4.3.3/../../../../avr/lib/avr5/crtm32.o
                0x0000008e                __vector_12
                0x0000008e                __bad_interrupt
                0x0000008e                __vector_6
                0x0000008e                __vector_13
                0x0000008e                __vector_17
                0x0000008e                __vector_19
                0x0000008e                __vector_5
                0x0000008e                __vector_9
                0x0000008e                __vector_15
                0x0000008e                __vector_8
                0x0000008e                __vector_14
                0x0000008e                __vector_16
                0x0000008e                __vector_18
                0x0000008e                __vector_20
 .text          0x00000092        0x0 ./MCAL/TIMER/TIMER.o
 .text          0x00000092        0x0 ./MCAL/MCU_POWER/MCU_Power.o
 .text          0x00000092        0x0 ./MCAL/G_INTERRUPT/Interrupt.o
 .text          0x00000092        0x0 ./MCAL/EXT_INTERRUPT/EXT_INTE.o
 .text          0x00000092        0x0 ./MCAL/DIO/DIO_prog.o
 .text          0x00000092        0x0 ./FIRMWARE_SERVICE/TMU/TMU.o
 .text          0x00000092        0x0 ./FIRMWARE_SERVICE/TMU/TMU_PbCfg.o
 .text          0x00000092        0x0 ./FIRMWARE_SERVICE/SOS/SOS.o
 .text          0x00000092        0x0 ./FIRMWARE_SERVICE/SOS/SOS_PbCfg.o
 .text          0x00000092        0x0 ./FIRMWARE_SERVICE/PWM/PWM.o
 .text          0x00000092        0x0 ./FIRMWARE_SERVICE/PWM/PWM_PbCfg.o
 .text          0x00000092        0x0 ./ECUAL/LEDs/Leds.o
 .text          0x00000092        0x0 ./APP/TMU_APP/TMU_App.o
 .text          0x00000092        0x0 ./APP/SOS_APP/SOS_App.o
 .text          0x00000092        0x0 ./APP/PWM_APP/PWM_App.o
 .text          0x00000092        0x0 ./Main.o
 .text          0x00000092        0x0 c:/winavr-20100110/bin/../lib/gcc/avr/4.3.3/avr5\libgcc.a(_mulsi3.o)
 .text          0x00000092        0x0 c:/winavr-20100110/bin/../lib/gcc/avr/4.3.3/avr5\libgcc.a(_udivmodsi4.o)
 .text          0x00000092        0x0 c:/winavr-20100110/bin/../lib/gcc/avr/4.3.3/avr5\libgcc.a(_exit.o)
 .text          0x00000092        0x0 c:/winavr-20100110/bin/../lib/gcc/avr/4.3.3/avr5\libgcc.a(_copy_data.o)
 .text          0x00000092        0x0 c:/winavr-20100110/bin/../lib/gcc/avr/4.3.3/avr5\libgcc.a(_clear_bss.o)
                0x00000092                . = ALIGN (0x2)
 *(.text.*)
 .text.Timer_Init
                0x00000092      0x422 ./MCAL/TIMER/TIMER.o
                0x00000092                Timer_Init
 .text.Timer_Start
                0x000004b4       0xe8 ./MCAL/TIMER/TIMER.o
                0x000004b4                Timer_Start
 .text.Timer_Stop
                0x0000059c       0x90 ./MCAL/TIMER/TIMER.o
                0x0000059c                Timer_Stop
 .text.Timer_Reset
                0x0000062c       0x52 ./MCAL/TIMER/TIMER.o
                0x0000062c                Timer_Reset
 .text.Timer_Get_Tick_Time
                0x0000067e       0xa2 ./MCAL/TIMER/TIMER.o
                0x0000067e                Timer_Get_Tick_Time
 .text.TIMER_SetCallBack
                0x00000720       0x8c ./MCAL/TIMER/TIMER.o
                0x00000720                TIMER_SetCallBack
 .text.__vector_10
                0x000007ac       0x66 ./MCAL/TIMER/TIMER.o
                0x000007ac                __vector_10
 .text.__vector_7
                0x00000812       0x66 ./MCAL/TIMER/TIMER.o
                0x00000812                __vector_7
 .text.__vector_4
                0x00000878       0x66 ./MCAL/TIMER/TIMER.o
                0x00000878                __vector_4
 .text.TIMER0_OVF
                0x000008de       0xa0 ./MCAL/TIMER/TIMER.o
                0x000008de                TIMER0_OVF
 .text.__vector_11
                0x0000097e       0x56 ./MCAL/TIMER/TIMER.o
                0x0000097e                __vector_11
 .text.Enable_CPU_Sleep
                0x000009d4       0x1c ./MCAL/MCU_POWER/MCU_Power.o
                0x000009d4                Enable_CPU_Sleep
 .text.Disable_CPU_Sleep
                0x000009f0       0x1c ./MCAL/MCU_POWER/MCU_Power.o
                0x000009f0                Disable_CPU_Sleep
 .text.CPU_Sleep
                0x00000a0c       0x38 ./MCAL/MCU_POWER/MCU_Power.o
                0x00000a0c                CPU_Sleep
 .text.Enable_GlobalInterrupt
                0x00000a44       0x1c ./MCAL/G_INTERRUPT/Interrupt.o
                0x00000a44                Enable_GlobalInterrupt
 .text.Disable_GlobalInterrupt
                0x00000a60       0x1c ./MCAL/G_INTERRUPT/Interrupt.o
                0x00000a60                Disable_GlobalInterrupt
 .text.Ext_Inte_Init
                0x00000a7c      0x2da ./MCAL/EXT_INTERRUPT/EXT_INTE.o
                0x00000a7c                Ext_Inte_Init
 .text.Ext_Inte_Deinit
                0x00000d56       0xa0 ./MCAL/EXT_INTERRUPT/EXT_INTE.o
                0x00000d56                Ext_Inte_Deinit
 .text.Ext_Inte_ChangeSense_Control
                0x00000df6      0x29e ./MCAL/EXT_INTERRUPT/EXT_INTE.o
                0x00000df6                Ext_Inte_ChangeSense_Control
 .text.Int_SetCallBack
                0x00001094       0x56 ./MCAL/EXT_INTERRUPT/EXT_INTE.o
                0x00001094                Int_SetCallBack
 .text.__vector_1
                0x000010ea       0x66 ./MCAL/EXT_INTERRUPT/EXT_INTE.o
                0x000010ea                __vector_1
 .text.__vector_2
                0x00001150       0x66 ./MCAL/EXT_INTERRUPT/EXT_INTE.o
                0x00001150                __vector_2
 .text.__vector_3
                0x000011b6       0x66 ./MCAL/EXT_INTERRUPT/EXT_INTE.o
                0x000011b6                __vector_3
 .text.DIO_INIT_Pin
                0x0000121c      0x1de ./MCAL/DIO/DIO_prog.o
                0x0000121c                DIO_INIT_Pin
 .text.DIO_INIT_Port
                0x000013fa       0x94 ./MCAL/DIO/DIO_prog.o
                0x000013fa                DIO_INIT_Port
 .text.DIO_Write_Pin
                0x0000148e      0x1de ./MCAL/DIO/DIO_prog.o
                0x0000148e                DIO_Write_Pin
 .text.DIO_Write_Port
                0x0000166c       0x94 ./MCAL/DIO/DIO_prog.o
                0x0000166c                DIO_Write_Port
 .text.DIO_Read_Pin
                0x00001700      0x12c ./MCAL/DIO/DIO_prog.o
                0x00001700                DIO_Read_Pin
 .text.DIO_Read_Port
                0x0000182c       0xa8 ./MCAL/DIO/DIO_prog.o
                0x0000182c                DIO_Read_Port
 .text.DIO_Pullup_Pin
                0x000018d4      0x114 ./MCAL/DIO/DIO_prog.o
                0x000018d4                DIO_Pullup_Pin
 .text.DIO_Pullup_Port
                0x000019e8       0x8e ./MCAL/DIO/DIO_prog.o
                0x000019e8                DIO_Pullup_Port
 .text.DIO_Toggle_Pin
                0x00001a76      0x114 ./MCAL/DIO/DIO_prog.o
                0x00001a76                DIO_Toggle_Pin
 .text.DIO_Toggle_Port
                0x00001b8a       0xa8 ./MCAL/DIO/DIO_prog.o
                0x00001b8a                DIO_Toggle_Port
 .text.TMU_TIMER_CallBack
                0x00001c32      0x134 ./FIRMWARE_SERVICE/TMU/TMU.o
 .text.TMU_Init
                0x00001d66      0x1dc ./FIRMWARE_SERVICE/TMU/TMU.o
                0x00001d66                TMU_Init
 .text.TMU_Deinit
                0x00001f42       0x34 ./FIRMWARE_SERVICE/TMU/TMU.o
                0x00001f42                TMU_Deinit
 .text.TMU_Start
                0x00001f76      0x198 ./FIRMWARE_SERVICE/TMU/TMU.o
                0x00001f76                TMU_Start
 .text.TMU_Stop
                0x0000210e       0xda ./FIRMWARE_SERVICE/TMU/TMU.o
                0x0000210e                TMU_Stop
 .text.TMU_Restart
                0x000021e8       0xdc ./FIRMWARE_SERVICE/TMU/TMU.o
                0x000021e8                TMU_Restart
 .text.TMU_Dispatcher
                0x000022c4       0xe4 ./FIRMWARE_SERVICE/TMU/TMU.o
                0x000022c4                TMU_Dispatcher
 .text.SOS_TIMER_CallBack
                0x000023a8      0x10a ./FIRMWARE_SERVICE/SOS/SOS.o
 .text.SOS_Init
                0x000024b2      0x1ee ./FIRMWARE_SERVICE/SOS/SOS.o
                0x000024b2                SOS_Init
 .text.SOS_Deinit
                0x000026a0       0x34 ./FIRMWARE_SERVICE/SOS/SOS.o
                0x000026a0                SOS_Deinit
 .text.SOS_CreatTask
                0x000026d4      0x198 ./FIRMWARE_SERVICE/SOS/SOS.o
                0x000026d4                SOS_CreatTask
 .text.SOS_DeleteTask
                0x0000286c      0x2e8 ./FIRMWARE_SERVICE/SOS/SOS.o
                0x0000286c                SOS_DeleteTask
 .text.SOS_Run  0x00002b54      0x1cc ./FIRMWARE_SERVICE/SOS/SOS.o
                0x00002b54                SOS_Run
 .text.PWM_TIMER_CallBack
                0x00002d20      0x23c ./FIRMWARE_SERVICE/PWM/PWM.o
 .text.PWM_Init
                0x00002f5c      0x1ea ./FIRMWARE_SERVICE/PWM/PWM.o
                0x00002f5c                PWM_Init
 .text.PWM_Deinit
                0x00003146       0x32 ./FIRMWARE_SERVICE/PWM/PWM.o
                0x00003146                PWM_Deinit
 .text.PWM_Channel_Init
                0x00003178      0x232 ./FIRMWARE_SERVICE/PWM/PWM.o
                0x00003178                PWM_Channel_Init
 .text.PWM_Channel_Start
                0x000033aa       0xc4 ./FIRMWARE_SERVICE/PWM/PWM.o
                0x000033aa                PWM_Channel_Start
 .text.PWM_Channel_Stop
                0x0000346e       0xc2 ./FIRMWARE_SERVICE/PWM/PWM.o
                0x0000346e                PWM_Channel_Stop
 .text.Init_LEDS
                0x00003530       0x30 ./ECUAL/LEDs/Leds.o
                0x00003530                Init_LEDS
 .text.LED1_Toggle
                0x00003560       0x16 ./ECUAL/LEDs/Leds.o
                0x00003560                LED1_Toggle
 .text.LED2_Toggle
                0x00003576       0x16 ./ECUAL/LEDs/Leds.o
                0x00003576                LED2_Toggle
 .text.LED3_Toggle
                0x0000358c       0x16 ./ECUAL/LEDs/Leds.o
                0x0000358c                LED3_Toggle
 .text.LED4_Toggle
                0x000035a2       0x16 ./ECUAL/LEDs/Leds.o
                0x000035a2                LED4_Toggle
 .text.TMU_App_Init
                0x000035b8       0x1e ./APP/TMU_APP/TMU_App.o
                0x000035b8                TMU_App_Init
 .text.TMU_App_Main
                0x000035d6       0x56 ./APP/TMU_APP/TMU_App.o
                0x000035d6                TMU_App_Main
 .text.SOS_App_Init
                0x0000362c       0x1e ./APP/SOS_APP/SOS_App.o
                0x0000362c                SOS_App_Init
 .text.SOS_App_Main
                0x0000364a       0x66 ./APP/SOS_APP/SOS_App.o
                0x0000364a                SOS_App_Main
 .text.PWM_App_Init
                0x000036b0       0x6a ./APP/PWM_APP/PWM_App.o
                0x000036b0                PWM_App_Init
 .text.PWM_App_Main
                0x0000371a       0x22 ./APP/PWM_APP/PWM_App.o
                0x0000371a                PWM_App_Main
 .text.main     0x0000373c       0x12 ./Main.o
                0x0000373c                main
 .text.libgcc   0x0000374e       0x3e c:/winavr-20100110/bin/../lib/gcc/avr/4.3.3/avr5\libgcc.a(_mulsi3.o)
                0x0000374e                __mulsi3
 .text.libgcc   0x0000378c       0x44 c:/winavr-20100110/bin/../lib/gcc/avr/4.3.3/avr5\libgcc.a(_udivmodsi4.o)
                0x0000378c                __udivmodsi4
 .text.libgcc   0x000037d0        0x0 c:/winavr-20100110/bin/../lib/gcc/avr/4.3.3/avr5\libgcc.a(_exit.o)
 .text.libgcc   0x000037d0        0x0 c:/winavr-20100110/bin/../lib/gcc/avr/4.3.3/avr5\libgcc.a(_copy_data.o)
 .text.libgcc   0x000037d0        0x0 c:/winavr-20100110/bin/../lib/gcc/avr/4.3.3/avr5\libgcc.a(_clear_bss.o)
                0x000037d0                . = ALIGN (0x2)
 *(.fini9)
 .fini9         0x000037d0        0x0 c:/winavr-20100110/bin/../lib/gcc/avr/4.3.3/avr5\libgcc.a(_exit.o)
                0x000037d0                exit
                0x000037d0                _exit
 *(.fini9)
 *(.fini8)
 *(.fini8)
 *(.fini7)
 *(.fini7)
 *(.fini6)
 *(.fini6)
 *(.fini5)
 *(.fini5)
 *(.fini4)
 *(.fini4)
 *(.fini3)
 *(.fini3)
 *(.fini2)
 *(.fini2)
 *(.fini1)
 *(.fini1)
 *(.fini0)
 .fini0         0x000037d0        0x4 c:/winavr-20100110/bin/../lib/gcc/avr/4.3.3/avr5\libgcc.a(_exit.o)
 *(.fini0)
                0x000037d4                _etext = .

.MOHAMED        0x00800000        0x0
                0x00800000                PROVIDE (__MOHAMED_start, .)
 *(.MOHAMED*)
                0x00800000                PROVIDE (__MOHAMED_end, .)

.data           0x00800060        0xe load address 0x000037d4
                0x00800060                PROVIDE (__data_start, .)
 *(.data)
 .data          0x00800060        0x0 c:/winavr-20100110/bin/../lib/gcc/avr/4.3.3/../../../../avr/lib/avr5/crtm32.o
 .data          0x00800060        0x0 ./MCAL/TIMER/TIMER.o
 .data          0x00800060        0x0 ./MCAL/MCU_POWER/MCU_Power.o
 .data          0x00800060        0x0 ./MCAL/G_INTERRUPT/Interrupt.o
 .data          0x00800060        0x0 ./MCAL/EXT_INTERRUPT/EXT_INTE.o
 .data          0x00800060        0x0 ./MCAL/DIO/DIO_prog.o
 .data          0x00800060        0x0 ./FIRMWARE_SERVICE/TMU/TMU.o
 .data          0x00800060        0x0 ./FIRMWARE_SERVICE/TMU/TMU_PbCfg.o
 .data          0x00800060        0x0 ./FIRMWARE_SERVICE/SOS/SOS.o
 .data          0x00800060        0x0 ./FIRMWARE_SERVICE/SOS/SOS_PbCfg.o
 .data          0x00800060        0x0 ./FIRMWARE_SERVICE/PWM/PWM.o
 .data          0x00800060        0x0 ./FIRMWARE_SERVICE/PWM/PWM_PbCfg.o
 .data          0x00800060        0x0 ./ECUAL/LEDs/Leds.o
 .data          0x00800060        0x0 ./APP/TMU_APP/TMU_App.o
 .data          0x00800060        0x0 ./APP/SOS_APP/SOS_App.o
 .data          0x00800060        0x0 ./APP/PWM_APP/PWM_App.o
 .data          0x00800060        0x0 ./Main.o
 .data          0x00800060        0x0 c:/winavr-20100110/bin/../lib/gcc/avr/4.3.3/avr5\libgcc.a(_mulsi3.o)
 .data          0x00800060        0x0 c:/winavr-20100110/bin/../lib/gcc/avr/4.3.3/avr5\libgcc.a(_udivmodsi4.o)
 .data          0x00800060        0x0 c:/winavr-20100110/bin/../lib/gcc/avr/4.3.3/avr5\libgcc.a(_exit.o)
 .data          0x00800060        0x0 c:/winavr-20100110/bin/../lib/gcc/avr/4.3.3/avr5\libgcc.a(_copy_data.o)
 .data          0x00800060        0x0 c:/winavr-20100110/bin/../lib/gcc/avr/4.3.3/avr5\libgcc.a(_clear_bss.o)
 *(.data*)
 .data.gu8_TMU_InitFlag
                0x00800060        0x1 ./FIRMWARE_SERVICE/TMU/TMU.o
 .data.TMU_Config
                0x00800061        0x4 ./FIRMWARE_SERVICE/TMU/TMU_PbCfg.o
                0x00800061                TMU_Config
 .data.gu8_SOS_InitFlag
                0x00800065        0x1 ./FIRMWARE_SERVICE/SOS/SOS.o
 .data.SOS_Config
                0x00800066        0x4 ./FIRMWARE_SERVICE/SOS/SOS_PbCfg.o
                0x00800066                SOS_Config
 .data.PWM_Config
                0x0080006a        0x4 ./FIRMWARE_SERVICE/PWM/PWM_PbCfg.o
                0x0080006a                PWM_Config
 *(.rodata)
 *(.rodata*)
 *(.gnu.linkonce.d*)
                0x0080006e                . = ALIGN (0x2)
                0x0080006e                _edata = .
                0x0080006e                PROVIDE (__data_end, .)

.bss            0x0080006e      0x2ce
                0x0080006e                PROVIDE (__bss_start, .)
 *(.bss)
 .bss           0x0080006e        0x0 c:/winavr-20100110/bin/../lib/gcc/avr/4.3.3/../../../../avr/lib/avr5/crtm32.o
 .bss           0x0080006e        0x0 ./MCAL/TIMER/TIMER.o
 .bss           0x0080006e        0x0 ./MCAL/MCU_POWER/MCU_Power.o
 .bss           0x0080006e        0x0 ./MCAL/G_INTERRUPT/Interrupt.o
 .bss           0x0080006e        0x0 ./MCAL/EXT_INTERRUPT/EXT_INTE.o
 .bss           0x0080006e        0x0 ./MCAL/DIO/DIO_prog.o
 .bss           0x0080006e        0x0 ./FIRMWARE_SERVICE/TMU/TMU.o
 .bss           0x0080006e        0x0 ./FIRMWARE_SERVICE/TMU/TMU_PbCfg.o
 .bss           0x0080006e        0x0 ./FIRMWARE_SERVICE/SOS/SOS.o
 .bss           0x0080006e        0x0 ./FIRMWARE_SERVICE/SOS/SOS_PbCfg.o
 .bss           0x0080006e        0x0 ./FIRMWARE_SERVICE/PWM/PWM.o
 .bss           0x0080006e        0x0 ./FIRMWARE_SERVICE/PWM/PWM_PbCfg.o
 .bss           0x0080006e        0x0 ./ECUAL/LEDs/Leds.o
 .bss           0x0080006e        0x0 ./APP/TMU_APP/TMU_App.o
 .bss           0x0080006e        0x0 ./APP/SOS_APP/SOS_App.o
 .bss           0x0080006e        0x0 ./APP/PWM_APP/PWM_App.o
 .bss           0x0080006e        0x0 ./Main.o
 .bss           0x0080006e        0x0 c:/winavr-20100110/bin/../lib/gcc/avr/4.3.3/avr5\libgcc.a(_mulsi3.o)
 .bss           0x0080006e        0x0 c:/winavr-20100110/bin/../lib/gcc/avr/4.3.3/avr5\libgcc.a(_udivmodsi4.o)
 .bss           0x0080006e        0x0 c:/winavr-20100110/bin/../lib/gcc/avr/4.3.3/avr5\libgcc.a(_exit.o)
 .bss           0x0080006e        0x0 c:/winavr-20100110/bin/../lib/gcc/avr/4.3.3/avr5\libgcc.a(_copy_data.o)
 .bss           0x0080006e        0x0 c:/winavr-20100110/bin/../lib/gcc/avr/4.3.3/avr5\libgcc.a(_clear_bss.o)
 *(.bss*)
 .bss.gu32_T0_OVF_Count
                0x0080006e        0x4 ./MCAL/TIMER/TIMER.o
                0x0080006e                gu32_T0_OVF_Count
 .bss.su8_Timer_PSC
                0x00800072        0x3 ./MCAL/TIMER/TIMER.o
 .bss.su8_Timer_InterruptMode
                0x00800075        0x3 ./MCAL/TIMER/TIMER.o
 .bss.su32_Tick_Time
                0x00800078        0xc ./MCAL/TIMER/TIMER.o
 .bss.pfun_Timer_CallBack
                0x00800084        0x6 ./MCAL/TIMER/TIMER.o
 .bss.pfun_Int_CallBack
                0x0080008a        0x6 ./MCAL/EXT_INTERRUPT/EXT_INTE.o
 .bss.gau8_INTE_InitFlag
                0x00800090        0x3 ./MCAL/EXT_INTERRUPT/EXT_INTE.o
 .bss.gu32_MinResolution
                0x00800093        0x4 ./FIRMWARE_SERVICE/TMU/TMU.o
 .bss.gu32_MaxResolution
                0x00800097        0x4 ./FIRMWARE_SERVICE/TMU/TMU.o
 .bss.gu8_ISR_Count
                0x0080009b        0x1 ./FIRMWARE_SERVICE/TMU/TMU.o
 .bss.gu16_TicksCount
                0x0080009c        0x2 ./FIRMWARE_SERVICE/TMU/TMU.o
 .bss.gu8_Free_Index
                0x0080009e        0x1 ./FIRMWARE_SERVICE/TMU/TMU.o
 .bss.gu32_OVF_Multiple
                0x0080009f        0x4 ./FIRMWARE_SERVICE/TMU/TMU.o
 .bss.gastr_TMU_Events
                0x008000a3       0x24 ./FIRMWARE_SERVICE/TMU/TMU.o
 .bss.gu32_MinResolution
                0x008000c7        0x4 ./FIRMWARE_SERVICE/SOS/SOS.o
 .bss.gu32_MaxResolution
                0x008000cb        0x4 ./FIRMWARE_SERVICE/SOS/SOS.o
 .bss.gu16_TicksCount
                0x008000cf        0x2 ./FIRMWARE_SERVICE/SOS/SOS.o
 .bss.gu8_Buffer_Index
                0x008000d1        0x1 ./FIRMWARE_SERVICE/SOS/SOS.o
 .bss.gu32_SOS_Ticks_Num
                0x008000d2        0x4 ./FIRMWARE_SERVICE/SOS/SOS.o
 .bss.gastr_SOS_Tasks
                0x008000d6       0x5a ./FIRMWARE_SERVICE/SOS/SOS.o
 .bss.gu8_PWM_InitFlag
                0x00800130        0x1 ./FIRMWARE_SERVICE/PWM/PWM.o
 .bss.gu8_PWM_Channel_InitFlag
                0x00800131       0x20 ./FIRMWARE_SERVICE/PWM/PWM.o
 .bss.gu32_MinResolution
                0x00800151        0x4 ./FIRMWARE_SERVICE/PWM/PWM.o
 .bss.gu32_MaxResolution
                0x00800155        0x4 ./FIRMWARE_SERVICE/PWM/PWM.o
 .bss.gu8_ISR_Count
                0x00800159        0x1 ./FIRMWARE_SERVICE/PWM/PWM.o
 .bss.gu16_TicksCount
                0x0080015a        0x2 ./FIRMWARE_SERVICE/PWM/PWM.o
 .bss.gastr_PWM_Channel
                0x0080015c      0x1e0 ./FIRMWARE_SERVICE/PWM/PWM.o
 *(COMMON)
                0x0080033c                PROVIDE (__bss_end, .)
                0x000037d4                __data_load_start = LOADADDR (.data)
                0x000037e2                __data_load_end = (__data_load_start + SIZEOF (.data))

.noinit         0x0080033c        0x0
                0x0080033c                PROVIDE (__noinit_start, .)
 *(.noinit*)
                0x0080033c                PROVIDE (__noinit_end, .)
                0x0080033c                _end = .
                0x0080033c                PROVIDE (__heap_start, .)

.eeprom         0x00810000        0x0
 *(.eeprom*)
                0x00810000                __eeprom_end = .

.fuse
 *(.fuse)
 *(.lfuse)
 *(.hfuse)
 *(.efuse)

.lock
 *(.lock*)

.signature
 *(.signature*)

.stab           0x00000000     0x49f8
 *(.stab)
 .stab          0x00000000      0xe70 ./MCAL/TIMER/TIMER.o
 .stab          0x00000e70      0x1b0 ./MCAL/MCU_POWER/MCU_Power.o
                                0x288 (size before relaxing)
 .stab          0x00001020      0x1a4 ./MCAL/G_INTERRUPT/Interrupt.o
                                0x408 (size before relaxing)
 .stab          0x000011c4      0x858 ./MCAL/EXT_INTERRUPT/EXT_INTE.o
                                0xac8 (size before relaxing)
 .stab          0x00001a1c      0xab0 ./MCAL/DIO/DIO_prog.o
                                0xb88 (size before relaxing)
 .stab          0x000024cc      0x8a0 ./FIRMWARE_SERVICE/TMU/TMU.o
                                0xb1c (size before relaxing)
 .stab          0x00002d6c      0x108 ./FIRMWARE_SERVICE/TMU/TMU_PbCfg.o
                                0x204 (size before relaxing)
 .stab          0x00002e74      0x8dc ./FIRMWARE_SERVICE/SOS/SOS.o
                                0xb70 (size before relaxing)
 .stab          0x00003750      0x108 ./FIRMWARE_SERVICE/SOS/SOS_PbCfg.o
                                0x204 (size before relaxing)
 .stab          0x00003858      0x768 ./FIRMWARE_SERVICE/PWM/PWM.o
                                0x9fc (size before relaxing)
 .stab          0x00003fc0      0x108 ./FIRMWARE_SERVICE/PWM/PWM_PbCfg.o
                                0x204 (size before relaxing)
 .stab          0x000040c8      0x264 ./ECUAL/LEDs/Leds.o
                                0x33c (size before relaxing)
 .stab          0x0000432c      0x1c8 ./APP/TMU_APP/TMU_App.o
                                0x2ac (size before relaxing)
 .stab          0x000044f4      0x1d4 ./APP/SOS_APP/SOS_App.o
                                0x2b8 (size before relaxing)
 .stab          0x000046c8      0x1e0 ./APP/PWM_APP/PWM_App.o
                                0x2c4 (size before relaxing)
 .stab          0x000048a8      0x150 ./Main.o
                                0x24c (size before relaxing)

.stabstr        0x00000000     0x1ec5
 *(.stabstr)
 .stabstr       0x00000000     0x1ec5 ./MCAL/TIMER/TIMER.o

.stab.excl
 *(.stab.excl)

.stab.exclstr
 *(.stab.exclstr)

.stab.index
 *(.stab.index)

.stab.indexstr
 *(.stab.indexstr)

.comment
 *(.comment)

.debug
 *(.debug)

.line
 *(.line)

.debug_srcinfo
 *(.debug_srcinfo)

.debug_sfnames
 *(.debug_sfnames)

.debug_aranges
 *(.debug_aranges)

.debug_pubnames
 *(.debug_pubnames)

.debug_info
 *(.debug_info)
 *(.gnu.linkonce.wi.*)

.debug_abbrev
 *(.debug_abbrev)

.debug_line
 *(.debug_line)

.debug_frame
 *(.debug_frame)

.debug_str
 *(.debug_str)

.debug_loc
 *(.debug_loc)

.debug_macinfo
 *(.debug_macinfo)
OUTPUT(Signal_Generator.elf elf32-avr)
LOAD linker stubs
